// Jest Snapshot v1, https://goo.gl/fbAQLP

exports[`App matches snapshot 1`] = `
<div
  className="App"
>
  <div
    className="topTwo"
  >
    <Connect(SearchSelector) />
    <Connect(FilterBar) />
  </div>
  <div
    className="flexContain"
  >
    <div
      className="main"
    >
      <Connect(Cards) />
    </div>
    <div>
      <Connect(ManaSelector) />
    </div>
  </div>
</div>
`;
