// Jest Snapshot v1, https://goo.gl/fbAQLP

exports[`ClearButton matches snapshot 1`] = `
<div>
  <button
    className="button is-small"
    onClick={[Function]}
  >
     Clear Mana
  </button>
</div>
`;
